[2025-10-22 00:59:30,207: INFO: main]: >>>>>> Stage Data Ingestion Stage started <<<<<<
[2025-10-22 00:59:30,215: INFO: common]: yaml file: config\config.yaml loaded successfully
[2025-10-22 00:59:30,220: INFO: common]: yaml file: params.yaml loaded successfully
[2025-10-22 00:59:30,225: INFO: common]: yaml file: schema.yaml loaded successfully
[2025-10-22 00:59:30,226: INFO: common]: created directory at: artifacts
[2025-10-22 00:59:30,228: INFO: common]: created directory at: artifacts/data_ingestion
[2025-10-22 00:59:30,228: INFO: data_ingestion]: File already exists of size: ~ 23 KB
[2025-10-22 00:59:30,236: INFO: data_ingestion]: File extracted to artifacts\data_ingestion
[2025-10-22 00:59:30,237: INFO: main]: >>>>>> Stage Data Ingestion Stage completed <<<<<<


[2025-10-22 00:59:30,237: INFO: main]: >>>>>> Stage Data Validation Stage started <<<<<<
[2025-10-22 00:59:30,246: INFO: common]: yaml file: config\config.yaml loaded successfully
[2025-10-22 00:59:30,248: INFO: common]: yaml file: params.yaml loaded successfully
[2025-10-22 00:59:30,253: INFO: common]: yaml file: schema.yaml loaded successfully
[2025-10-22 00:59:30,255: INFO: common]: created directory at: artifacts
[2025-10-22 00:59:30,256: INFO: common]: created directory at: artifacts/data_validation
[2025-10-22 00:59:30,316: INFO: main]: >>>>>> Stage Data Validation Stage completed <<<<<<


[2025-10-22 00:59:30,316: INFO: main]: >>>>>> Stage Data Transformation Stage started <<<<<<
[2025-10-22 00:59:30,326: INFO: common]: yaml file: config\config.yaml loaded successfully
[2025-10-22 00:59:30,328: INFO: common]: yaml file: params.yaml loaded successfully
[2025-10-22 00:59:30,333: INFO: common]: yaml file: schema.yaml loaded successfully
[2025-10-22 00:59:30,335: INFO: common]: created directory at: artifacts
[2025-10-22 00:59:30,336: INFO: common]: created directory at: artifacts/data_transformation
[2025-10-22 00:59:30,390: INFO: data_transformation]: Splited data into training and test sets
[2025-10-22 00:59:30,390: INFO: data_transformation]: (1199, 12)
[2025-10-22 00:59:30,391: INFO: data_transformation]: (400, 12)
[2025-10-22 00:59:30,392: INFO: main]: >>>>>> Stage Data Transformation Stage completed <<<<<<


[2025-10-22 00:59:30,393: INFO: main]: >>>>>> Stage Model Trainer Stage started <<<<<<
[2025-10-22 00:59:30,398: INFO: common]: yaml file: config\config.yaml loaded successfully
[2025-10-22 00:59:30,400: INFO: common]: yaml file: params.yaml loaded successfully
[2025-10-22 00:59:30,403: INFO: common]: yaml file: schema.yaml loaded successfully
[2025-10-22 00:59:30,404: INFO: common]: created directory at: artifacts
[2025-10-22 00:59:30,405: INFO: common]: created directory at: artifacts/model_trainer
[2025-10-22 00:59:30,453: INFO: main]: >>>>>> Stage Model Trainer Stage completed <<<<<<

x==========x
[2025-10-22 00:59:30,453: INFO: main]: >>>>>> Stage Model Evaluation Stage started <<<<<<
[2025-10-22 00:59:30,464: INFO: common]: yaml file: config\config.yaml loaded successfully
[2025-10-22 00:59:30,467: INFO: common]: yaml file: params.yaml loaded successfully
[2025-10-22 00:59:30,471: INFO: common]: yaml file: schema.yaml loaded successfully
[2025-10-22 00:59:30,473: INFO: common]: created directory at: artifacts
[2025-10-22 00:59:30,475: INFO: common]: created directory at: artifacts/model_evaluation
[2025-10-22 00:59:30,531: INFO: common]: json file saved at: artifacts\model_evaluation\metrics.json
[2025-10-22 00:59:30,532: INFO: main]: >>>>>> Stage Model Evaluation Stage completed <<<<<<


