[2025-10-20 17:01:54,295: INFO: main]: >>>>>> Stage Data Ingestion Stage started <<<<<<
[2025-10-20 17:01:54,307: INFO: common]: yaml file: config\config.yaml loaded successfully
[2025-10-20 17:01:54,310: INFO: common]: yaml file: params.yaml loaded successfully
[2025-10-20 17:01:54,317: INFO: common]: yaml file: schema.yaml loaded successfully
[2025-10-20 17:01:54,319: INFO: common]: created directory at: artifacts
[2025-10-20 17:01:54,321: INFO: common]: created directory at: artifacts/data_ingestion
[2025-10-20 17:01:58,637: INFO: data_ingestion]: File: artifacts\data_ingestion\data.zip downloaded with following info: 
Connection: close
Content-Length: 23329
Cache-Control: max-age=300
Content-Security-Policy: default-src 'none'; style-src 'unsafe-inline'; sandbox
Content-Type: application/zip
ETag: "c69888a4ae59bc5a893392785a938ccd4937981c06ba8a9d6a21aa52b4ab5b6e"
Strict-Transport-Security: max-age=31536000
X-Content-Type-Options: nosniff
X-Frame-Options: deny
X-XSS-Protection: 1; mode=block
X-GitHub-Request-Id: 448C:CCB0A:26869D0:2A8CD00:68F624B4
Accept-Ranges: bytes
Date: Mon, 20 Oct 2025 12:01:56 GMT
Via: 1.1 varnish
X-Served-By: cache-mrs10574-MRS
X-Cache: MISS
X-Cache-Hits: 0
X-Timer: S1760961717.811517,VS0,VE165
Vary: Authorization,Accept-Encoding
Access-Control-Allow-Origin: *
Cross-Origin-Resource-Policy: cross-origin
X-Fastly-Request-ID: 4b67a98d2c42f5f80969807402e50bb429ab5d84
Expires: Mon, 20 Oct 2025 12:06:56 GMT
Source-Age: 0


[2025-10-20 17:01:58,698: INFO: data_ingestion]: File extracted to artifacts\data_ingestion
[2025-10-20 17:01:58,699: INFO: main]: >>>>>> Stage Data Ingestion Stage completed <<<<<<


[2025-10-20 17:01:58,700: INFO: main]: >>>>>> Stage Data Validation Stage started <<<<<<
[2025-10-20 17:01:58,714: INFO: common]: yaml file: config\config.yaml loaded successfully
[2025-10-20 17:01:58,718: INFO: common]: yaml file: params.yaml loaded successfully
[2025-10-20 17:01:58,726: INFO: common]: yaml file: schema.yaml loaded successfully
[2025-10-20 17:01:58,729: INFO: common]: created directory at: artifacts
[2025-10-20 17:01:58,732: INFO: common]: created directory at: artifacts/data_validation
[2025-10-20 17:01:58,840: INFO: main]: >>>>>> Stage Data Validation Stage completed <<<<<<


