[2025-10-22 00:56:18,547: INFO: main]: >>>>>> Stage Data Ingestion Stage started <<<<<<
[2025-10-22 00:56:18,585: INFO: common]: yaml file: config\config.yaml loaded successfully
[2025-10-22 00:56:18,590: INFO: common]: yaml file: params.yaml loaded successfully
[2025-10-22 00:56:18,596: INFO: common]: yaml file: schema.yaml loaded successfully
[2025-10-22 00:56:18,598: INFO: common]: created directory at: artifacts
[2025-10-22 00:56:18,599: INFO: common]: created directory at: artifacts/data_ingestion
[2025-10-22 00:56:18,600: INFO: data_ingestion]: File already exists of size: ~ 23 KB
[2025-10-22 00:56:18,656: INFO: data_ingestion]: File extracted to artifacts\data_ingestion
[2025-10-22 00:56:18,657: INFO: main]: >>>>>> Stage Data Ingestion Stage completed <<<<<<


[2025-10-22 00:56:18,657: INFO: main]: >>>>>> Stage Data Validation Stage started <<<<<<
[2025-10-22 00:56:18,669: INFO: common]: yaml file: config\config.yaml loaded successfully
[2025-10-22 00:56:18,674: INFO: common]: yaml file: params.yaml loaded successfully
[2025-10-22 00:56:18,681: INFO: common]: yaml file: schema.yaml loaded successfully
[2025-10-22 00:56:18,682: INFO: common]: created directory at: artifacts
[2025-10-22 00:56:18,684: INFO: common]: created directory at: artifacts/data_validation
[2025-10-22 00:56:18,782: INFO: main]: >>>>>> Stage Data Validation Stage completed <<<<<<


[2025-10-22 00:56:18,783: INFO: main]: >>>>>> Stage Data Transformation Stage started <<<<<<
[2025-10-22 00:56:18,795: INFO: common]: yaml file: config\config.yaml loaded successfully
[2025-10-22 00:56:18,797: INFO: common]: yaml file: params.yaml loaded successfully
[2025-10-22 00:56:18,804: INFO: common]: yaml file: schema.yaml loaded successfully
[2025-10-22 00:56:18,805: INFO: common]: created directory at: artifacts
[2025-10-22 00:56:18,806: INFO: common]: created directory at: artifacts/data_transformation
[2025-10-22 00:56:18,868: INFO: data_transformation]: Splited data into training and test sets
[2025-10-22 00:56:18,869: INFO: data_transformation]: (1199, 12)
[2025-10-22 00:56:18,869: INFO: data_transformation]: (400, 12)
[2025-10-22 00:56:18,871: INFO: main]: >>>>>> Stage Data Transformation Stage completed <<<<<<


[2025-10-22 00:56:18,872: INFO: main]: >>>>>> Stage Model Trainer Stage started <<<<<<
[2025-10-22 00:56:18,877: INFO: common]: yaml file: config\config.yaml loaded successfully
[2025-10-22 00:56:18,879: INFO: common]: yaml file: params.yaml loaded successfully
[2025-10-22 00:56:18,884: INFO: common]: yaml file: schema.yaml loaded successfully
[2025-10-22 00:56:18,885: INFO: common]: created directory at: artifacts
[2025-10-22 00:56:18,886: INFO: common]: created directory at: artifacts/model_trainer
[2025-10-22 00:56:18,949: INFO: main]: >>>>>> Stage Model Trainer Stage completed <<<<<<

x==========x
[2025-10-22 00:56:18,949: INFO: main]: >>>>>> Stage Model Evaluation Stage started <<<<<<
[2025-10-22 00:56:18,955: INFO: common]: yaml file: config\config.yaml loaded successfully
[2025-10-22 00:56:18,957: INFO: common]: yaml file: params.yaml loaded successfully
[2025-10-22 00:56:18,962: INFO: common]: yaml file: schema.yaml loaded successfully
[2025-10-22 00:56:18,962: INFO: common]: created directory at: artifacts
[2025-10-22 00:56:18,963: INFO: common]: created directory at: artifacts/model_evaluation
[2025-10-22 00:56:19,026: INFO: common]: json file saved at: artifacts\model_evaluation\metrics.json
[2025-10-22 00:56:19,026: INFO: main]: >>>>>> Stage Model Evaluation Stage completed <<<<<<


