[2025-10-21 17:37:39,216: INFO: main]: >>>>>> Stage Data Ingestion Stage started <<<<<<
[2025-10-21 17:37:39,221: INFO: common]: yaml file: config\config.yaml loaded successfully
[2025-10-21 17:37:39,223: INFO: common]: yaml file: params.yaml loaded successfully
[2025-10-21 17:37:39,226: INFO: common]: yaml file: schema.yaml loaded successfully
[2025-10-21 17:37:39,228: INFO: common]: created directory at: artifacts
[2025-10-21 17:37:39,228: INFO: common]: created directory at: artifacts/data_ingestion
[2025-10-21 17:37:39,229: INFO: data_ingestion]: File already exists of size: ~ 23 KB
[2025-10-21 17:37:39,235: INFO: data_ingestion]: File extracted to artifacts\data_ingestion
[2025-10-21 17:37:39,236: INFO: main]: >>>>>> Stage Data Ingestion Stage completed <<<<<<


[2025-10-21 17:37:39,236: INFO: main]: >>>>>> Stage Data Validation Stage started <<<<<<
[2025-10-21 17:37:39,244: INFO: common]: yaml file: config\config.yaml loaded successfully
[2025-10-21 17:37:39,245: INFO: common]: yaml file: params.yaml loaded successfully
[2025-10-21 17:37:39,250: INFO: common]: yaml file: schema.yaml loaded successfully
[2025-10-21 17:37:39,252: INFO: common]: created directory at: artifacts
[2025-10-21 17:37:39,254: INFO: common]: created directory at: artifacts/data_validation
[2025-10-21 17:37:39,312: INFO: main]: >>>>>> Stage Data Validation Stage completed <<<<<<


[2025-10-21 17:37:39,313: INFO: main]: >>>>>> Stage Data Transformation Stage started <<<<<<
[2025-10-21 17:37:39,322: INFO: common]: yaml file: config\config.yaml loaded successfully
[2025-10-21 17:37:39,323: INFO: common]: yaml file: params.yaml loaded successfully
[2025-10-21 17:37:39,328: INFO: common]: yaml file: schema.yaml loaded successfully
[2025-10-21 17:37:39,330: INFO: common]: created directory at: artifacts
[2025-10-21 17:37:39,331: INFO: common]: created directory at: artifacts/data_transformation
[2025-10-21 17:37:39,388: INFO: data_transformation]: Splited data into training and test sets
[2025-10-21 17:37:39,389: INFO: data_transformation]: (1199, 12)
[2025-10-21 17:37:39,390: INFO: data_transformation]: (400, 12)
[2025-10-21 17:37:39,392: INFO: main]: >>>>>> Stage Data Transformation Stage completed <<<<<<


[2025-10-21 17:37:39,393: INFO: main]: >>>>>> Stage Model Trainer Stage started <<<<<<
[2025-10-21 17:37:39,405: INFO: common]: yaml file: config\config.yaml loaded successfully
[2025-10-21 17:37:39,409: INFO: common]: yaml file: params.yaml loaded successfully
[2025-10-21 17:37:39,419: INFO: common]: yaml file: schema.yaml loaded successfully
[2025-10-21 17:37:39,422: INFO: common]: created directory at: artifacts
[2025-10-21 17:37:39,424: INFO: common]: created directory at: artifacts/model_trainer
[2025-10-21 17:37:39,533: INFO: main]: >>>>>> Stage Model Trainer Stage completed <<<<<<

x==========x
