[2025-10-22 00:59:57,695: INFO: main]: >>>>>> Stage Data Ingestion Stage started <<<<<<
[2025-10-22 00:59:57,710: INFO: common]: yaml file: config\config.yaml loaded successfully
[2025-10-22 00:59:57,717: INFO: common]: yaml file: params.yaml loaded successfully
[2025-10-22 00:59:57,726: INFO: common]: yaml file: schema.yaml loaded successfully
[2025-10-22 00:59:57,728: INFO: common]: created directory at: artifacts
[2025-10-22 00:59:57,729: INFO: common]: created directory at: artifacts/data_ingestion
[2025-10-22 00:59:57,731: INFO: data_ingestion]: File already exists of size: ~ 23 KB
[2025-10-22 00:59:57,740: INFO: data_ingestion]: File extracted to artifacts\data_ingestion
[2025-10-22 00:59:57,742: INFO: main]: >>>>>> Stage Data Ingestion Stage completed <<<<<<


[2025-10-22 00:59:57,742: INFO: main]: >>>>>> Stage Data Validation Stage started <<<<<<
[2025-10-22 00:59:57,759: INFO: common]: yaml file: config\config.yaml loaded successfully
[2025-10-22 00:59:57,763: INFO: common]: yaml file: params.yaml loaded successfully
[2025-10-22 00:59:57,771: INFO: common]: yaml file: schema.yaml loaded successfully
[2025-10-22 00:59:57,774: INFO: common]: created directory at: artifacts
[2025-10-22 00:59:57,776: INFO: common]: created directory at: artifacts/data_validation
[2025-10-22 00:59:57,871: INFO: main]: >>>>>> Stage Data Validation Stage completed <<<<<<


[2025-10-22 00:59:57,872: INFO: main]: >>>>>> Stage Data Transformation Stage started <<<<<<
[2025-10-22 00:59:57,886: INFO: common]: yaml file: config\config.yaml loaded successfully
[2025-10-22 00:59:57,889: INFO: common]: yaml file: params.yaml loaded successfully
[2025-10-22 00:59:57,896: INFO: common]: yaml file: schema.yaml loaded successfully
[2025-10-22 00:59:57,899: INFO: common]: created directory at: artifacts
[2025-10-22 00:59:57,900: INFO: common]: created directory at: artifacts/data_transformation
[2025-10-22 00:59:57,961: INFO: data_transformation]: Splited data into training and test sets
[2025-10-22 00:59:57,962: INFO: data_transformation]: (1199, 12)
[2025-10-22 00:59:57,962: INFO: data_transformation]: (400, 12)
[2025-10-22 00:59:57,963: INFO: main]: >>>>>> Stage Data Transformation Stage completed <<<<<<


[2025-10-22 00:59:57,964: INFO: main]: >>>>>> Stage Model Trainer Stage started <<<<<<
[2025-10-22 00:59:57,977: INFO: common]: yaml file: config\config.yaml loaded successfully
[2025-10-22 00:59:57,980: INFO: common]: yaml file: params.yaml loaded successfully
[2025-10-22 00:59:57,989: INFO: common]: yaml file: schema.yaml loaded successfully
[2025-10-22 00:59:57,993: INFO: common]: created directory at: artifacts
[2025-10-22 00:59:57,995: INFO: common]: created directory at: artifacts/model_trainer
[2025-10-22 00:59:58,057: INFO: main]: >>>>>> Stage Model Trainer Stage completed <<<<<<

x==========x
[2025-10-22 00:59:58,058: INFO: main]: >>>>>> Stage Model Evaluation Stage started <<<<<<
[2025-10-22 00:59:58,070: INFO: common]: yaml file: config\config.yaml loaded successfully
[2025-10-22 00:59:58,074: INFO: common]: yaml file: params.yaml loaded successfully
[2025-10-22 00:59:58,083: INFO: common]: yaml file: schema.yaml loaded successfully
[2025-10-22 00:59:58,086: INFO: common]: created directory at: artifacts
[2025-10-22 00:59:58,088: INFO: common]: created directory at: artifacts/model_evaluation
[2025-10-22 00:59:58,173: INFO: common]: json file saved at: artifacts\model_evaluation\metrics.json
[2025-10-22 00:59:58,174: INFO: main]: >>>>>> Stage Model Evaluation Stage completed <<<<<<


