[2025-10-22 00:56:45,011: INFO: main]: >>>>>> Stage Data Ingestion Stage started <<<<<<
[2025-10-22 00:56:45,026: INFO: common]: yaml file: config\config.yaml loaded successfully
[2025-10-22 00:56:45,031: INFO: common]: yaml file: params.yaml loaded successfully
[2025-10-22 00:56:45,041: INFO: common]: yaml file: schema.yaml loaded successfully
[2025-10-22 00:56:45,045: INFO: common]: created directory at: artifacts
[2025-10-22 00:56:45,049: INFO: common]: created directory at: artifacts/data_ingestion
[2025-10-22 00:57:07,467: INFO: data_ingestion]: File: artifacts\data_ingestion\data.zip downloaded with following info: 
Connection: close
Content-Length: 23329
Cache-Control: max-age=300
Content-Security-Policy: default-src 'none'; style-src 'unsafe-inline'; sandbox
Content-Type: application/zip
ETag: "c69888a4ae59bc5a893392785a938ccd4937981c06ba8a9d6a21aa52b4ab5b6e"
Strict-Transport-Security: max-age=31536000
X-Content-Type-Options: nosniff
X-Frame-Options: deny
X-XSS-Protection: 1; mode=block
X-GitHub-Request-Id: E9E9:1B0527:508D95:5995CF:68F7E58B
Accept-Ranges: bytes
Date: Tue, 21 Oct 2025 19:57:06 GMT
Via: 1.1 varnish
X-Served-By: cache-mrs10539-MRS
X-Cache: MISS
X-Cache-Hits: 0
X-Timer: S1761076627.691592,VS0,VE173
Vary: Authorization,Accept-Encoding
Access-Control-Allow-Origin: *
Cross-Origin-Resource-Policy: cross-origin
X-Fastly-Request-ID: b6f45fc98463ddbb3ee71e6deb92f6d694a934bc
Expires: Tue, 21 Oct 2025 20:02:06 GMT
Source-Age: 0


[2025-10-22 00:57:07,525: INFO: data_ingestion]: File extracted to artifacts\data_ingestion
[2025-10-22 00:57:07,526: INFO: main]: >>>>>> Stage Data Ingestion Stage completed <<<<<<


[2025-10-22 00:57:07,527: INFO: main]: >>>>>> Stage Data Validation Stage started <<<<<<
[2025-10-22 00:57:07,545: INFO: common]: yaml file: config\config.yaml loaded successfully
[2025-10-22 00:57:07,550: INFO: common]: yaml file: params.yaml loaded successfully
[2025-10-22 00:57:07,559: INFO: common]: yaml file: schema.yaml loaded successfully
[2025-10-22 00:57:07,562: INFO: common]: created directory at: artifacts
[2025-10-22 00:57:07,564: INFO: common]: created directory at: artifacts/data_validation
[2025-10-22 00:57:07,670: INFO: main]: >>>>>> Stage Data Validation Stage completed <<<<<<


[2025-10-22 00:57:07,671: INFO: main]: >>>>>> Stage Data Transformation Stage started <<<<<<
[2025-10-22 00:57:07,690: INFO: common]: yaml file: config\config.yaml loaded successfully
[2025-10-22 00:57:07,694: INFO: common]: yaml file: params.yaml loaded successfully
[2025-10-22 00:57:07,707: INFO: common]: yaml file: schema.yaml loaded successfully
[2025-10-22 00:57:07,710: INFO: common]: created directory at: artifacts
[2025-10-22 00:57:07,713: INFO: common]: created directory at: artifacts/data_transformation
[2025-10-22 00:57:07,803: INFO: data_transformation]: Splited data into training and test sets
[2025-10-22 00:57:07,804: INFO: data_transformation]: (1199, 12)
[2025-10-22 00:57:07,805: INFO: data_transformation]: (400, 12)
[2025-10-22 00:57:07,807: INFO: main]: >>>>>> Stage Data Transformation Stage completed <<<<<<


[2025-10-22 00:57:07,808: INFO: main]: >>>>>> Stage Model Trainer Stage started <<<<<<
[2025-10-22 00:57:07,822: INFO: common]: yaml file: config\config.yaml loaded successfully
[2025-10-22 00:57:07,826: INFO: common]: yaml file: params.yaml loaded successfully
[2025-10-22 00:57:07,836: INFO: common]: yaml file: schema.yaml loaded successfully
[2025-10-22 00:57:07,841: INFO: common]: created directory at: artifacts
[2025-10-22 00:57:07,845: INFO: common]: created directory at: artifacts/model_trainer
[2025-10-22 00:57:07,930: INFO: main]: >>>>>> Stage Model Trainer Stage completed <<<<<<

x==========x
[2025-10-22 00:57:07,931: INFO: main]: >>>>>> Stage Model Evaluation Stage started <<<<<<
[2025-10-22 00:57:07,945: INFO: common]: yaml file: config\config.yaml loaded successfully
[2025-10-22 00:57:07,948: INFO: common]: yaml file: params.yaml loaded successfully
[2025-10-22 00:57:07,958: INFO: common]: yaml file: schema.yaml loaded successfully
[2025-10-22 00:57:07,961: INFO: common]: created directory at: artifacts
[2025-10-22 00:57:07,963: INFO: common]: created directory at: artifacts/model_evaluation
[2025-10-22 00:57:08,077: INFO: common]: json file saved at: artifacts\model_evaluation\metrics.json
[2025-10-22 00:57:08,078: INFO: main]: >>>>>> Stage Model Evaluation Stage completed <<<<<<


