[2025-10-22 00:58:57,360: INFO: main]: >>>>>> Stage Data Ingestion Stage started <<<<<<
[2025-10-22 00:58:57,368: INFO: common]: yaml file: config\config.yaml loaded successfully
[2025-10-22 00:58:57,373: INFO: common]: yaml file: params.yaml loaded successfully
[2025-10-22 00:58:57,379: INFO: common]: yaml file: schema.yaml loaded successfully
[2025-10-22 00:58:57,381: INFO: common]: created directory at: artifacts
[2025-10-22 00:58:57,382: INFO: common]: created directory at: artifacts/data_ingestion
[2025-10-22 00:58:57,383: INFO: data_ingestion]: File already exists of size: ~ 23 KB
[2025-10-22 00:58:57,392: INFO: data_ingestion]: File extracted to artifacts\data_ingestion
[2025-10-22 00:58:57,392: INFO: main]: >>>>>> Stage Data Ingestion Stage completed <<<<<<


[2025-10-22 00:58:57,393: INFO: main]: >>>>>> Stage Data Validation Stage started <<<<<<
[2025-10-22 00:58:57,402: INFO: common]: yaml file: config\config.yaml loaded successfully
[2025-10-22 00:58:57,404: INFO: common]: yaml file: params.yaml loaded successfully
[2025-10-22 00:58:57,410: INFO: common]: yaml file: schema.yaml loaded successfully
[2025-10-22 00:58:57,411: INFO: common]: created directory at: artifacts
[2025-10-22 00:58:57,412: INFO: common]: created directory at: artifacts/data_validation
[2025-10-22 00:58:57,490: INFO: main]: >>>>>> Stage Data Validation Stage completed <<<<<<


[2025-10-22 00:58:57,491: INFO: main]: >>>>>> Stage Data Transformation Stage started <<<<<<
[2025-10-22 00:58:57,507: INFO: common]: yaml file: config\config.yaml loaded successfully
[2025-10-22 00:58:57,511: INFO: common]: yaml file: params.yaml loaded successfully
[2025-10-22 00:58:57,518: INFO: common]: yaml file: schema.yaml loaded successfully
[2025-10-22 00:58:57,520: INFO: common]: created directory at: artifacts
[2025-10-22 00:58:57,521: INFO: common]: created directory at: artifacts/data_transformation
[2025-10-22 00:58:57,577: INFO: data_transformation]: Splited data into training and test sets
[2025-10-22 00:58:57,577: INFO: data_transformation]: (1199, 12)
[2025-10-22 00:58:57,577: INFO: data_transformation]: (400, 12)
[2025-10-22 00:58:57,579: INFO: main]: >>>>>> Stage Data Transformation Stage completed <<<<<<


[2025-10-22 00:58:57,579: INFO: main]: >>>>>> Stage Model Trainer Stage started <<<<<<
[2025-10-22 00:58:57,587: INFO: common]: yaml file: config\config.yaml loaded successfully
[2025-10-22 00:58:57,590: INFO: common]: yaml file: params.yaml loaded successfully
[2025-10-22 00:58:57,596: INFO: common]: yaml file: schema.yaml loaded successfully
[2025-10-22 00:58:57,597: INFO: common]: created directory at: artifacts
[2025-10-22 00:58:57,599: INFO: common]: created directory at: artifacts/model_trainer
[2025-10-22 00:58:57,652: INFO: main]: >>>>>> Stage Model Trainer Stage completed <<<<<<

x==========x
[2025-10-22 00:58:57,653: INFO: main]: >>>>>> Stage Model Evaluation Stage started <<<<<<
[2025-10-22 00:58:57,661: INFO: common]: yaml file: config\config.yaml loaded successfully
[2025-10-22 00:58:57,663: INFO: common]: yaml file: params.yaml loaded successfully
[2025-10-22 00:58:57,669: INFO: common]: yaml file: schema.yaml loaded successfully
[2025-10-22 00:58:57,672: INFO: common]: created directory at: artifacts
[2025-10-22 00:58:57,673: INFO: common]: created directory at: artifacts/model_evaluation
[2025-10-22 00:58:57,752: INFO: common]: json file saved at: artifacts\model_evaluation\metrics.json
[2025-10-22 00:58:57,753: INFO: main]: >>>>>> Stage Model Evaluation Stage completed <<<<<<


