[2025-10-21 17:07:03,215: INFO: common]: yaml file: config\config.yaml loaded successfully
[2025-10-21 17:07:03,228: INFO: common]: yaml file: params.yaml loaded successfully
[2025-10-21 17:07:03,264: INFO: common]: yaml file: schema.yaml loaded successfully
[2025-10-21 17:07:03,267: INFO: common]: created directory at: artifacts
[2025-10-21 17:07:34,430: INFO: common]: yaml file: config\config.yaml loaded successfully
[2025-10-21 17:07:34,433: INFO: common]: yaml file: params.yaml loaded successfully
[2025-10-21 17:07:34,438: INFO: common]: yaml file: schema.yaml loaded successfully
[2025-10-21 17:07:34,441: INFO: common]: created directory at: artifacts
[2025-10-21 17:08:38,171: INFO: common]: yaml file: config\config.yaml loaded successfully
[2025-10-21 17:08:38,177: INFO: common]: yaml file: params.yaml loaded successfully
[2025-10-21 17:08:38,185: INFO: common]: yaml file: schema.yaml loaded successfully
[2025-10-21 17:08:38,189: INFO: common]: created directory at: artifacts
[2025-10-21 17:09:09,713: INFO: common]: yaml file: config\config.yaml loaded successfully
[2025-10-21 17:09:09,718: INFO: common]: yaml file: params.yaml loaded successfully
[2025-10-21 17:09:09,730: INFO: common]: yaml file: schema.yaml loaded successfully
[2025-10-21 17:09:09,734: INFO: common]: created directory at: artifacts
[2025-10-21 17:20:54,003: INFO: common]: yaml file: config\config.yaml loaded successfully
[2025-10-21 17:20:54,006: INFO: common]: yaml file: params.yaml loaded successfully
[2025-10-21 17:20:54,017: INFO: common]: yaml file: schema.yaml loaded successfully
[2025-10-21 17:20:54,021: INFO: common]: created directory at: artifacts
[2025-10-21 17:21:39,864: INFO: common]: yaml file: config\config.yaml loaded successfully
[2025-10-21 17:21:39,874: INFO: common]: yaml file: params.yaml loaded successfully
[2025-10-21 17:21:39,889: INFO: common]: yaml file: schema.yaml loaded successfully
[2025-10-21 17:21:39,895: INFO: common]: created directory at: artifacts
[2025-10-21 17:22:16,209: INFO: common]: yaml file: config\config.yaml loaded successfully
[2025-10-21 17:22:16,213: INFO: common]: yaml file: params.yaml loaded successfully
[2025-10-21 17:22:16,220: INFO: common]: yaml file: schema.yaml loaded successfully
[2025-10-21 17:22:16,224: INFO: common]: created directory at: artifacts
[2025-10-21 17:25:21,361: INFO: common]: yaml file: config\config.yaml loaded successfully
[2025-10-21 17:25:21,367: INFO: common]: yaml file: params.yaml loaded successfully
[2025-10-21 17:25:21,381: INFO: common]: yaml file: schema.yaml loaded successfully
[2025-10-21 17:25:21,385: INFO: common]: created directory at: artifacts
[2025-10-21 17:25:21,388: INFO: common]: created directory at: artifacts/model_trainer
[2025-10-21 17:25:54,650: INFO: common]: yaml file: config\config.yaml loaded successfully
[2025-10-21 17:25:54,655: INFO: common]: yaml file: params.yaml loaded successfully
[2025-10-21 17:25:54,677: INFO: common]: yaml file: schema.yaml loaded successfully
[2025-10-21 17:25:54,680: INFO: common]: created directory at: artifacts
[2025-10-21 17:25:54,682: INFO: common]: created directory at: artifacts/model_trainer
[2025-10-21 17:32:28,892: INFO: common]: yaml file: config\config.yaml loaded successfully
[2025-10-21 17:32:28,898: INFO: common]: yaml file: params.yaml loaded successfully
[2025-10-21 17:32:28,907: INFO: common]: yaml file: schema.yaml loaded successfully
[2025-10-21 17:32:28,912: INFO: common]: created directory at: artifacts
[2025-10-21 17:32:28,915: INFO: common]: created directory at: artifacts/model_trainer
